
============================================================

============================================================

============================================================

============================================================

============================================================

============================================================

============================================================
[*] SERVIDOR DO DASHBOARD INICIADO
============================================================

[+] Acesse o dashboard por:
   - http://localhost:5050
   - http://JOSENETO:5050
   - http://172.16.253.34:5050

[+] Para atualizar os dados, acesse:
   - http://172.16.253.34:5050/refresh

[!] Mantenha este terminal aberto para o servidor funcionar!
   Pressione Ctrl+C para encerrar.

============================================================

 * Serving Flask app 'server'
 * Debug mode: off

============================================================
[*] SERVIDOR DO DASHBOARD INICIADO
============================================================

[+] Acesse o dashboard por:
   - http://localhost:5050
   - http://JOSENETO:5050
   - http://172.16.253.34:5050

[+] Para atualizar os dados, acesse:
   - http://172.16.253.34:5050/refresh

[!] Mantenha este terminal aberto para o servidor funcionar!
   Pressione Ctrl+C para encerrar.

============================================================

 * Serving Flask app 'server'
 * Debug mode: off

============================================================
[*] SERVIDOR DO DASHBOARD INICIADO
============================================================

[+] Acesse o dashboard por:
   - http://localhost:5050
   - http://JOSENETO:5050
   - http://10.97.5.138:5050

[+] Para atualizar os dados, acesse:
   - http://10.97.5.138:5050/refresh

[!] Mantenha este terminal aberto para o servidor funcionar!
   Pressione Ctrl+C para encerrar.

============================================================

 * Serving Flask app 'server'
 * Debug mode: off

============================================================
[*] SERVIDOR DO DASHBOARD INICIADO
============================================================

[+] Acesse o dashboard por:
   - http://localhost:5050
   - http://JOSENETO:5050
   - http://172.16.253.34:5050

[+] Para atualizar os dados, acesse:
   - http://172.16.253.34:5050/refresh

[!] Mantenha este terminal aberto para o servidor funcionar!
   Pressione Ctrl+C para encerrar.

============================================================

 * Serving Flask app 'server'
 * Debug mode: off

============================================================
[*] SERVIDOR DO DASHBOARD INICIADO
============================================================

[+] Acesse o dashboard por:
   - http://localhost:5050
   - http://JOSENETO:5050
   - http://172.16.253.34:5050

[+] Para atualizar os dados, acesse:
   - http://172.16.253.34:5050/refresh

[!] Mantenha este terminal aberto para o servidor funcionar!
   Pressione Ctrl+C para encerrar.

============================================================

 * Serving Flask app 'server'
 * Debug mode: off

============================================================
[*] SERVIDOR DO DASHBOARD INICIADO
============================================================

[+] Acesse o dashboard por:
   - http://localhost:5050
   - http://JOSENETO:5050
   - http://172.16.253.34:5050

[+] Para atualizar os dados, acesse:
   - http://172.16.253.34:5050/refresh

[!] Mantenha este terminal aberto para o servidor funcionar!
   Pressione Ctrl+C para encerrar.

============================================================

 * Serving Flask app 'server'
 * Debug mode: off

============================================================
[*] SERVIDOR DO DASHBOARD INICIADO
============================================================

[+] Acesse o dashboard por:
   - http://localhost:5050
   - http://JOSENETO:5050
   - http://172.16.253.34:5050

[+] Para atualizar os dados, acesse:
   - http://172.16.253.34:5050/refresh

[!] Mantenha este terminal aberto para o servidor funcionar!
   Pressione Ctrl+C para encerrar.

============================================================

 * Serving Flask app 'server'
 * Debug mode: off

============================================================
[*] SERVIDOR DO DASHBOARD INICIADO
============================================================

[+] Acesse o dashboard por:
   - http://localhost:5050
   - http://JOSENETO:5050
   - http://192.168.0.103:5050

[+] Para atualizar os dados, acesse:
   - http://192.168.0.103:5050/refresh

[!] Mantenha este terminal aberto para o servidor funcionar!
   Pressione Ctrl+C para encerrar.

============================================================

 * Serving Flask app 'server'
 * Debug mode: off

============================================================
[*] SERVIDOR DO DASHBOARD INICIADO
============================================================

[+] Acesse o dashboard por:
   - http://localhost:5050
   - http://JOSENETO:5050
   - http://192.168.0.103:5050

[+] Para atualizar os dados, acesse:
   - http://192.168.0.103:5050/refresh

[!] Mantenha este terminal aberto para o servidor funcionar!
   Pressione Ctrl+C para encerrar.

============================================================

 * Serving Flask app 'server'
 * Debug mode: off

============================================================
[*] SERVIDOR DO DASHBOARD INICIADO
============================================================

[+] Acesse o dashboard por:
   - http://localhost:5050
   - http://JOSENETO:5050
   - http://192.168.0.103:5050

[+] Para atualizar os dados, acesse:
   - http://192.168.0.103:5050/refresh

[!] Mantenha este terminal aberto para o servidor funcionar!
   Pressione Ctrl+C para encerrar.

============================================================

 * Serving Flask app 'server'
 * Debug mode: off

============================================================
[*] SERVIDOR DO DASHBOARD INICIADO
============================================================

[+] Acesse o dashboard por:
   - http://localhost:5050
   - http://JOSENETO:5050
   - http://192.168.0.103:5050

[+] Para atualizar os dados, acesse:
   - http://192.168.0.103:5050/refresh

[!] Mantenha este terminal aberto para o servidor funcionar!
   Pressione Ctrl+C para encerrar.

============================================================

 * Serving Flask app 'server'
 * Debug mode: off

============================================================
[*] SERVIDOR DO DASHBOARD INICIADO
============================================================

[+] Acesse o dashboard por:
   - http://localhost:5050
   - http://JOSENETO:5050
   - http://192.168.0.103:5050

[+] Para atualizar os dados, acesse:
   - http://192.168.0.103:5050/refresh

[!] Mantenha este terminal aberto para o servidor funcionar!
   Pressione Ctrl+C para encerrar.

============================================================

 * Serving Flask app 'server'
 * Debug mode: off

============================================================
[*] SERVIDOR DO DASHBOARD INICIADO
============================================================

[+] Acesse o dashboard por:
   - http://localhost:5050
   - http://JOSENETO:5050
   - http://192.168.0.103:5050

[+] Para atualizar os dados, acesse:
   - http://192.168.0.103:5050/refresh

[!] Mantenha este terminal aberto para o servidor funcionar!
   Pressione Ctrl+C para encerrar.

============================================================

 * Serving Flask app 'server'
 * Debug mode: off

============================================================
[*] SERVIDOR DO DASHBOARD INICIADO
============================================================

[+] Acesse o dashboard por:
   - http://localhost:5050
   - http://JOSENETO:5050
   - http://192.168.0.103:5050

[+] Para atualizar os dados, acesse:
   - http://192.168.0.103:5050/refresh

[!] Mantenha este terminal aberto para o servidor funcionar!
   Pressione Ctrl+C para encerrar.

============================================================

 * Serving Flask app 'server'
 * Debug mode: off

============================================================
[*] SERVIDOR DO DASHBOARD INICIADO
============================================================

[+] Acesse o dashboard por:
   - http://localhost:5050
   - http://JOSENETO:5050
   - http://172.16.253.34:5050

[+] Para atualizar os dados, acesse:
   - http://172.16.253.34:5050/refresh

[!] Mantenha este terminal aberto para o servidor funcionar!
   Pressione Ctrl+C para encerrar.

============================================================

 * Serving Flask app 'server'
 * Debug mode: off

============================================================
[*] SERVIDOR DO DASHBOARD INICIADO
============================================================

[+] Acesse o dashboard por:
   - http://localhost:5050
   - http://JOSENETO:5050
   - http://172.16.253.34:5050

[+] Para atualizar os dados, acesse:
   - http://172.16.253.34:5050/refresh

[!] Mantenha este terminal aberto para o servidor funcionar!
   Pressione Ctrl+C para encerrar.

============================================================

 * Serving Flask app 'server'
 * Debug mode: off

============================================================
[*] SERVIDOR DO DASHBOARD INICIADO
============================================================

[+] Acesse o dashboard por:
   - http://localhost:5050
   - http://JOSENETO:5050
   - http://192.168.0.102:5050

[+] Para atualizar os dados, acesse:
   - http://192.168.0.102:5050/refresh

[!] Mantenha este terminal aberto para o servidor funcionar!
   Pressione Ctrl+C para encerrar.

============================================================

 * Serving Flask app 'server'
 * Debug mode: off

============================================================
[*] SERVIDOR DO DASHBOARD INICIADO
============================================================

[+] Acesse o dashboard por:
   - http://localhost:5050
   - http://JOSENETO:5050
   - http://192.168.0.102:5050

[+] Para atualizar os dados, acesse:
   - http://192.168.0.102:5050/refresh

[!] Mantenha este terminal aberto para o servidor funcionar!
   Pressione Ctrl+C para encerrar.

============================================================

 * Serving Flask app 'server'
 * Debug mode: off

============================================================
[*] SERVIDOR DO DASHBOARD INICIADO
============================================================

[+] Acesse o dashboard por:
   - http://localhost:5050
   - http://JOSENETO:5050
   - http://192.168.0.102:5050

[+] Para atualizar os dados, acesse:
   - http://192.168.0.102:5050/refresh

[!] Mantenha este terminal aberto para o servidor funcionar!
   Pressione Ctrl+C para encerrar.

============================================================

 * Serving Flask app 'server'
 * Debug mode: off

============================================================
[*] SERVIDOR DO DASHBOARD INICIADO
============================================================

[+] Acesse o dashboard por:
   - http://localhost:5050
   - http://JOSENETO:5050
   - http://127.0.0.1:5050

[+] Para atualizar os dados, acesse:
   - http://127.0.0.1:5050/refresh

[!] Mantenha este terminal aberto para o servidor funcionar!
   Pressione Ctrl+C para encerrar.

============================================================

 * Serving Flask app 'server'
 * Debug mode: off

============================================================
[*] SERVIDOR DO DASHBOARD INICIADO
============================================================

[+] Acesse o dashboard por:
   - http://localhost:5050
   - http://JOSENETO:5050
   - http://172.16.253.34:5050

[+] Para atualizar os dados, acesse:
   - http://172.16.253.34:5050/refresh

[!] Mantenha este terminal aberto para o servidor funcionar!
   Pressione Ctrl+C para encerrar.

============================================================

 * Serving Flask app 'server'
 * Debug mode: off

============================================================
[*] SERVIDOR DO DASHBOARD INICIADO
============================================================

[+] Acesse o dashboard por:
   - http://localhost:5050
   - http://JOSENETO:5050
   - http://172.16.253.34:5050

[+] Para atualizar os dados, acesse:
   - http://172.16.253.34:5050/refresh

[!] Mantenha este terminal aberto para o servidor funcionar!
   Pressione Ctrl+C para encerrar.

============================================================

 * Serving Flask app 'server'
 * Debug mode: off

============================================================
[*] SERVIDOR DO DASHBOARD INICIADO
============================================================

[+] Acesse o dashboard por:
   - http://localhost:5050
   - http://JOSENETO:5050
   - http://172.16.253.34:5050

[+] Para atualizar os dados, acesse:
   - http://172.16.253.34:5050/refresh

[!] Mantenha este terminal aberto para o servidor funcionar!
   Pressione Ctrl+C para encerrar.

============================================================

 * Serving Flask app 'server'
 * Debug mode: off

============================================================
[*] SERVIDOR DO DASHBOARD INICIADO
============================================================

[+] Acesse o dashboard por:
   - http://localhost:5050
   - http://JOSENETO:5050
   - http://10.97.0.124:5050

[+] Para atualizar os dados, acesse:
   - http://10.97.0.124:5050/refresh

[!] Mantenha este terminal aberto para o servidor funcionar!
   Pressione Ctrl+C para encerrar.

============================================================

 * Serving Flask app 'server'
 * Debug mode: off

============================================================
[*] SERVIDOR DO DASHBOARD INICIADO
============================================================

[+] Acesse o dashboard por:
   - http://localhost:5050
   - http://JOSENETO:5050
   - http://10.97.0.124:5050

[+] Para atualizar os dados, acesse:
   - http://10.97.0.124:5050/refresh

[!] Mantenha este terminal aberto para o servidor funcionar!
   Pressione Ctrl+C para encerrar.

============================================================

 * Serving Flask app 'server'
 * Debug mode: off

============================================================
[*] SERVIDOR DO DASHBOARD INICIADO
============================================================

[+] Acesse o dashboard por:
   - http://localhost:5050
   - http://JOSENETO:5050
   - http://10.97.0.124:5050

[+] Para atualizar os dados, acesse:
   - http://10.97.0.124:5050/refresh

[!] Mantenha este terminal aberto para o servidor funcionar!
   Pressione Ctrl+C para encerrar.

============================================================

 * Serving Flask app 'server'
 * Debug mode: off

============================================================
[*] SERVIDOR DO DASHBOARD INICIADO
============================================================

[+] Acesse o dashboard por:
   - http://localhost:5050
   - http://JOSENETO:5050
   - http://10.97.0.124:5050

[+] Para atualizar os dados, acesse:
   - http://10.97.0.124:5050/refresh

[!] Mantenha este terminal aberto para o servidor funcionar!
   Pressione Ctrl+C para encerrar.

============================================================

 * Serving Flask app 'server'
 * Debug mode: off

============================================================
[*] SERVIDOR DO DASHBOARD INICIADO
============================================================

[+] Acesse o dashboard por:
   - http://localhost:5050
   - http://JOSENETO:5050
   - http://172.16.253.34:5050

[+] Para atualizar os dados, acesse:
   - http://172.16.253.34:5050/refresh

[!] Mantenha este terminal aberto para o servidor funcionar!
   Pressione Ctrl+C para encerrar.

============================================================

 * Serving Flask app 'server'
 * Debug mode: off

============================================================
[*] SERVIDOR DO DASHBOARD INICIADO
============================================================

[+] Acesse o dashboard por:
   - http://localhost:5050
   - http://JOSENETO:5050
   - http://127.0.0.1:5050

[+] Para atualizar os dados, acesse:
   - http://127.0.0.1:5050/refresh

[!] Mantenha este terminal aberto para o servidor funcionar!
   Pressione Ctrl+C para encerrar.

============================================================

 * Serving Flask app 'server'
 * Debug mode: off

============================================================
[*] SERVIDOR DO DASHBOARD INICIADO
============================================================

[+] Acesse o dashboard por:
   - http://localhost:5050
   - http://JOSENETO:5050
   - http://172.16.253.34:5050

[+] Para atualizar os dados, acesse:
   - http://172.16.253.34:5050/refresh

[!] Mantenha este terminal aberto para o servidor funcionar!
   Pressione Ctrl+C para encerrar.

============================================================

 * Serving Flask app 'server'
 * Debug mode: off

============================================================
[*] SERVIDOR DO DASHBOARD INICIADO
============================================================

[+] Acesse o dashboard por:
   - http://localhost:5050
   - http://JOSENETO:5050
   - http://172.16.253.34:5050

[+] Para atualizar os dados, acesse:
   - http://172.16.253.34:5050/refresh

[!] Mantenha este terminal aberto para o servidor funcionar!
   Pressione Ctrl+C para encerrar.

============================================================

 * Serving Flask app 'server'
 * Debug mode: off

============================================================
[*] SERVIDOR DO DASHBOARD INICIADO
============================================================

[+] Acesse o dashboard por:
   - http://localhost:5050
   - http://JOSENETO:5050
   - http://10.97.0.124:5050

[+] Para atualizar os dados, acesse:
   - http://10.97.0.124:5050/refresh

[!] Mantenha este terminal aberto para o servidor funcionar!
   Pressione Ctrl+C para encerrar.

============================================================

 * Serving Flask app 'server'
 * Debug mode: off

============================================================
[*] SERVIDOR DO DASHBOARD INICIADO
============================================================

[+] Acesse o dashboard por:
   - http://localhost:5050
   - http://JOSENETO:5050
   - http://10.97.0.124:5050

[+] Para atualizar os dados, acesse:
   - http://10.97.0.124:5050/refresh

[!] Mantenha este terminal aberto para o servidor funcionar!
   Pressione Ctrl+C para encerrar.

============================================================

 * Serving Flask app 'server'
 * Debug mode: off

============================================================
[*] SERVIDOR DO DASHBOARD INICIADO
============================================================

[+] Acesse o dashboard por:
   - http://localhost:5050
   - http://JOSENETO:5050
   - http://127.0.0.1:5050

[+] Para atualizar os dados, acesse:
   - http://127.0.0.1:5050/refresh

[!] Mantenha este terminal aberto para o servidor funcionar!
   Pressione Ctrl+C para encerrar.

============================================================

 * Serving Flask app 'server'
 * Debug mode: off

============================================================
[*] SERVIDOR DO DASHBOARD INICIADO
============================================================

[+] Acesse o dashboard por:
   - http://localhost:5050
   - http://JOSENETO:5050
   - http://127.0.0.1:5050

[+] Para atualizar os dados, acesse:
   - http://127.0.0.1:5050/refresh

[!] Mantenha este terminal aberto para o servidor funcionar!
   Pressione Ctrl+C para encerrar.

============================================================

 * Serving Flask app 'server'
 * Debug mode: off

============================================================
[*] SERVIDOR DO DASHBOARD INICIADO
============================================================

[+] Acesse o dashboard por:
   - http://localhost:5050
   - http://JOSENETO:5050
   - http://127.0.0.1:5050

[+] Para atualizar os dados, acesse:
   - http://127.0.0.1:5050/refresh

[!] Mantenha este terminal aberto para o servidor funcionar!
   Pressione Ctrl+C para encerrar.

============================================================

 * Serving Flask app 'server'
 * Debug mode: off

============================================================
[*] SERVIDOR DO DASHBOARD INICIADO
============================================================

[+] Acesse o dashboard por:
   - http://localhost:5050
   - http://JOSENETO:5050
   - http://172.16.253.34:5050

[+] Para atualizar os dados, acesse:
   - http://172.16.253.34:5050/refresh

[!] Mantenha este terminal aberto para o servidor funcionar!
   Pressione Ctrl+C para encerrar.

============================================================

 * Serving Flask app 'server'
 * Debug mode: off

============================================================
[*] SERVIDOR DO DASHBOARD INICIADO
============================================================

[+] Acesse o dashboard por:
   - http://localhost:5050
   - http://JOSENETO:5050
   - http://10.97.0.124:5050

[+] Para atualizar os dados, acesse:
   - http://10.97.0.124:5050/refresh

[!] Mantenha este terminal aberto para o servidor funcionar!
   Pressione Ctrl+C para encerrar.

============================================================

 * Serving Flask app 'server'
 * Debug mode: off

============================================================
[*] SERVIDOR DO DASHBOARD INICIADO
============================================================

[+] Acesse o dashboard por:
   - http://localhost:5050
   - http://JOSENETO:5050
   - http://172.16.253.34:5050

[+] Para atualizar os dados, acesse:
   - http://172.16.253.34:5050/refresh

[!] Mantenha este terminal aberto para o servidor funcionar!
   Pressione Ctrl+C para encerrar.

============================================================

 * Serving Flask app 'server'
 * Debug mode: off

============================================================
[*] SERVIDOR DO DASHBOARD INICIADO
============================================================

[+] Acesse o dashboard por:
   - http://localhost:5050
   - http://JOSENETO:5050
   - http://172.16.253.34:5050

[+] Para atualizar os dados, acesse:
   - http://172.16.253.34:5050/refresh

[!] Mantenha este terminal aberto para o servidor funcionar!
   Pressione Ctrl+C para encerrar.

============================================================

 * Serving Flask app 'server'
 * Debug mode: off

============================================================
[*] SERVIDOR DO DASHBOARD INICIADO
============================================================

[+] Acesse o dashboard por:
   - http://localhost:5050
   - http://JOSENETO:5050
   - http://172.16.253.34:5050

[+] Para atualizar os dados, acesse:
   - http://172.16.253.34:5050/refresh

[!] Mantenha este terminal aberto para o servidor funcionar!
   Pressione Ctrl+C para encerrar.

============================================================

 * Serving Flask app 'server'
 * Debug mode: off

============================================================
[*] SERVIDOR DO DASHBOARD INICIADO
============================================================

[+] Acesse o dashboard por:
   - http://localhost:5050
   - http://JOSENETO:5050
   - http://127.0.0.1:5050

[+] Para atualizar os dados, acesse:
   - http://127.0.0.1:5050/refresh

[!] Mantenha este terminal aberto para o servidor funcionar!
   Pressione Ctrl+C para encerrar.

============================================================

 * Serving Flask app 'server'
 * Debug mode: off

============================================================
[*] SERVIDOR DO DASHBOARD INICIADO
============================================================

[+] Acesse o dashboard por:
   - http://localhost:5050
   - http://JOSENETO:5050
   - http://172.16.253.34:5050

[+] Para atualizar os dados, acesse:
   - http://172.16.253.34:5050/refresh

[!] Mantenha este terminal aberto para o servidor funcionar!
   Pressione Ctrl+C para encerrar.

============================================================

 * Serving Flask app 'server'
 * Debug mode: off

============================================================
[*] SERVIDOR DO DASHBOARD INICIADO
============================================================

[+] Acesse o dashboard por:
   - http://localhost:5050
   - http://JOSENETO:5050
   - http://172.16.253.34:5050

[+] Para atualizar os dados, acesse:
   - http://172.16.253.34:5050/refresh

[!] Mantenha este terminal aberto para o servidor funcionar!
   Pressione Ctrl+C para encerrar.

============================================================

 * Serving Flask app 'server'
 * Debug mode: off

============================================================
[*] SERVIDOR DO DASHBOARD INICIADO
============================================================

[+] Acesse o dashboard por:
   - http://localhost:5050
   - http://JOSENETO:5050
   - http://10.97.5.48:5050

[+] Para atualizar os dados, acesse:
   - http://10.97.5.48:5050/refresh

[!] Mantenha este terminal aberto para o servidor funcionar!
   Pressione Ctrl+C para encerrar.

============================================================

 * Serving Flask app 'server'
 * Debug mode: off

============================================================
[*] SERVIDOR DO DASHBOARD INICIADO
============================================================

[+] Acesse o dashboard por:
   - http://localhost:5050
   - http://JOSENETO:5050
   - http://172.16.253.34:5050

[+] Para atualizar os dados, acesse:
   - http://172.16.253.34:5050/refresh

[!] Mantenha este terminal aberto para o servidor funcionar!
   Pressione Ctrl+C para encerrar.

============================================================

 * Serving Flask app 'server'
 * Debug mode: off

============================================================
[*] SERVIDOR DO DASHBOARD INICIADO
============================================================

[+] Acesse o dashboard por:
   - http://localhost:5050
   - http://JOSENETO:5050
   - http://172.16.253.34:5050

[+] Para atualizar os dados, acesse:
   - http://172.16.253.34:5050/refresh

[!] Mantenha este terminal aberto para o servidor funcionar!
   Pressione Ctrl+C para encerrar.

============================================================

 * Serving Flask app 'server'
 * Debug mode: off

============================================================
[*] SERVIDOR DO DASHBOARD INICIADO
============================================================

[+] Acesse o dashboard por:
   - http://localhost:5050
   - http://JOSENETO:5050
   - http://172.16.253.34:5050

[+] Para atualizar os dados, acesse:
   - http://172.16.253.34:5050/refresh

[!] Mantenha este terminal aberto para o servidor funcionar!
   Pressione Ctrl+C para encerrar.

============================================================

 * Serving Flask app 'server'
 * Debug mode: off

============================================================
[*] SERVIDOR DO DASHBOARD INICIADO
============================================================

[+] Acesse o dashboard por:
   - http://localhost:5050
   - http://JOSENETO:5050
   - http://172.16.253.34:5050

[+] Para atualizar os dados, acesse:
   - http://172.16.253.34:5050/refresh

[!] Mantenha este terminal aberto para o servidor funcionar!
   Pressione Ctrl+C para encerrar.

============================================================

 * Serving Flask app 'server'
 * Debug mode: off
